    1  06:15:22.659099000 1.0 Mb/s 2412 MHz 11b 100 sq antenna 0 57dB signal DeAuthentication (00:0d:93:82:36:3a): Reserved
    2  06:15:22.659099000 1.0 Mb/s 2412 MHz 11b 100 sq antenna 0 57dB signal DeAuthentication (00:0d:93:82:36:3a): Reserved
